{"command": ["/home/nc437/evsp_env/bin/python", "/home/nc437/evspv2g-stochastic-review-20260910/releases/wave17-f8f8101/research/stochastic/common_profile_gate/solver.py", "--input", "/home/nc437/evspv2g-stochastic-review-20260910/releases/wave17-f8f8101/research/stochastic/common_profile_gate/inputs/policy17_nb20_fit2023.json", "--output", "/home/nc437/evspv2g-stochastic-review-20260910/campaigns/common_profile_gate_wave17/attempt02/policy17_nb20_fit2023/fit", "--backend", "gurobi", "--time-limit", "600", "--method", "2"]}
{"state": "complete", "output": "/home/nc437/evspv2g-stochastic-review-20260910/campaigns/common_profile_gate_wave17/attempt02/policy17_nb20_fit2023/fit", "comparison": {"same_support": true, "reliability_hierarchy_pass": true, "economic_hierarchy_pass": true, "inherited_profile_regret": 60.904358114057686, "available": true}}
{"command": ["/home/nc437/evsp_env/bin/python", "/home/nc437/evspv2g-stochastic-review-20260910/releases/wave17-f8f8101/research/stochastic/common_profile_gate/validate.py", "--input", "/home/nc437/evspv2g-stochastic-review-20260910/releases/wave17-f8f8101/research/stochastic/common_profile_gate/inputs/policy17_nb20_fit2023.json", "--result", "/home/nc437/evspv2g-stochastic-review-20260910/campaigns/common_profile_gate_wave17/attempt02/policy17_nb20_fit2023/fit/result.json", "--source-root", "/home/nc437/evspv2g-stochastic-review-20260910/releases/wave17-f8f8101/research/stochastic/evidence", "--output", "/home/nc437/evspv2g-stochastic-review-20260910/campaigns/common_profile_gate_wave17/attempt02/policy17_nb20_fit2023/validation.json"]}
{"state": "valid", "errors": []}
{"command": ["/home/nc437/evsp_env/bin/python", "/home/nc437/evspv2g-stochastic-review-20260910/releases/wave17-f8f8101/research/stochastic/common_profile_gate/evaluate.py", "--input", "/home/nc437/evspv2g-stochastic-review-20260910/releases/wave17-f8f8101/research/stochastic/common_profile_gate/inputs/policy17_nb20_fit2022.json", "--fit-input", "/home/nc437/evspv2g-stochastic-review-20260910/releases/wave17-f8f8101/research/stochastic/common_profile_gate/inputs/policy17_nb20_fit2023.json", "--result", "/home/nc437/evspv2g-stochastic-review-20260910/campaigns/common_profile_gate_wave17/attempt02/policy17_nb20_fit2023/fit/result.json", "--output-dir", "/home/nc437/evspv2g-stochastic-review-20260910/campaigns/common_profile_gate_wave17/attempt02/policy17_nb20_fit2023/replay2022", "--source-root", "/home/nc437/evspv2g-stochastic-review-20260910/releases/wave17-f8f8101/research/stochastic/evidence", "--reference-case", "/home/nc437/evspv2g-stochastic-review-20260910/releases/wave17-f8f8101/research/stochastic/evidence/snapshots/capacity_gate_wave16_validation/campaigns/capacity_gate_wave16/cases/0023"]}
{"state": "running", "days": 25, "target": 365}
{"state": "running", "days": 50, "target": 365}
{"state": "running", "days": 75, "target": 365}
{"state": "running", "days": 100, "target": 365}
{"state": "running", "days": 125, "target": 365}
{"state": "running", "days": 150, "target": 365}
{"state": "running", "days": 175, "target": 365}
{"state": "running", "days": 200, "target": 365}
{"state": "running", "days": 225, "target": 365}
{"state": "running", "days": 250, "target": 365}
{"state": "running", "days": 275, "target": 365}
{"state": "running", "days": 300, "target": 365}
{"state": "running", "days": 325, "target": 365}
{"state": "running", "days": 350, "target": 365}
{"state": "complete", "days": 365, "target_days": 365, "same_fit_and_evaluation_population": false, "scope": "frozen training-profile evaluation on a different weather population", "information": "Truck actions frozen for every day; full-day BESS/generator foresight. This is not a causal control-policy comparison.", "cost_convention": "Fixed assets included. Emergency energy is lexicographically minimized and unpriced; all-population money requires zero shortage on every day.", "statistics": {"old": {"failures": 0, "mean_shortage": 0.0, "mean_cost_all": 3677.9468547479178, "mean_operating_all_diagnostic": 2282.946854747917}, "common": {"failures": 0, "mean_shortage": 0.0, "mean_cost_all": 3602.9702002943136, "mean_operating_all_diagnostic": 2207.9702002943145}, "adaptive": {"failures": 0, "mean_shortage": 0.0, "mean_cost_all": 3602.385610676971, "mean_operating_all_diagnostic": 2207.3856106769713}}, "errors": [], "jointly_feasible_days": 365, "means_on_joint_support": {"old": 3677.9468547479187, "common": 3602.970200294314, "adaptive": 3602.3856106769713}, "decomposition": {"old_minus_common": 74.97665445360417, "common_minus_adaptive": 0.5845896173427718, "old_minus_adaptive": 75.56124407094694, "identity_residual": 0.0, "interpretation": "signed descriptive contrasts; no cross-population ordering asserted", "nesting_asserted": false, "solved_common_optimum": true}, "journal_hash": "5cfd205bd7260c22230958610690b9eafee489b16109e49364ad936443d7d11d", "identity_sha256": "ae8956ce8a69e5a325820f307cc7c784b536b6928ad2bed237afc99729b12590", "frozen_profile_sha256": "2eb1eb6c4aaf69d91dc90be4070a5143a8e0b0a57096e4f146cabefb36083026"}
