{"command": ["/home/nc437/evsp_env/bin/python", "/home/nc437/evspv2g-stochastic-review-20260910/releases/wave17-f8f8101/research/stochastic/common_profile_gate/solver.py", "--input", "/home/nc437/evspv2g-stochastic-review-20260910/releases/wave17-f8f8101/research/stochastic/common_profile_gate/inputs/policy14_nb20_fit2022.json", "--output", "/home/nc437/evspv2g-stochastic-review-20260910/campaigns/common_profile_gate_wave17/attempt02/policy14_nb20_fit2022/fit", "--backend", "gurobi", "--time-limit", "600", "--method", "2"]}
{"state": "complete", "output": "/home/nc437/evspv2g-stochastic-review-20260910/campaigns/common_profile_gate_wave17/attempt02/policy14_nb20_fit2022/fit", "comparison": {"same_support": true, "reliability_hierarchy_pass": true, "economic_hierarchy_pass": true, "inherited_profile_regret": 1.1525098732790866, "available": true}}
{"command": ["/home/nc437/evsp_env/bin/python", "/home/nc437/evspv2g-stochastic-review-20260910/releases/wave17-f8f8101/research/stochastic/common_profile_gate/validate.py", "--input", "/home/nc437/evspv2g-stochastic-review-20260910/releases/wave17-f8f8101/research/stochastic/common_profile_gate/inputs/policy14_nb20_fit2022.json", "--result", "/home/nc437/evspv2g-stochastic-review-20260910/campaigns/common_profile_gate_wave17/attempt02/policy14_nb20_fit2022/fit/result.json", "--source-root", "/home/nc437/evspv2g-stochastic-review-20260910/releases/wave17-f8f8101/research/stochastic/evidence", "--output", "/home/nc437/evspv2g-stochastic-review-20260910/campaigns/common_profile_gate_wave17/attempt02/policy14_nb20_fit2022/validation.json"]}
{"state": "valid", "errors": []}
{"command": ["/home/nc437/evsp_env/bin/python", "/home/nc437/evspv2g-stochastic-review-20260910/releases/wave17-f8f8101/research/stochastic/common_profile_gate/evaluate.py", "--input", "/home/nc437/evspv2g-stochastic-review-20260910/releases/wave17-f8f8101/research/stochastic/common_profile_gate/inputs/policy14_nb20_fit2022.json", "--fit-input", "/home/nc437/evspv2g-stochastic-review-20260910/releases/wave17-f8f8101/research/stochastic/common_profile_gate/inputs/policy14_nb20_fit2022.json", "--result", "/home/nc437/evspv2g-stochastic-review-20260910/campaigns/common_profile_gate_wave17/attempt02/policy14_nb20_fit2022/fit/result.json", "--output-dir", "/home/nc437/evspv2g-stochastic-review-20260910/campaigns/common_profile_gate_wave17/attempt02/policy14_nb20_fit2022/replay2022", "--source-root", "/home/nc437/evspv2g-stochastic-review-20260910/releases/wave17-f8f8101/research/stochastic/evidence", "--reference-case", "/home/nc437/evspv2g-stochastic-review-20260910/releases/wave17-f8f8101/research/stochastic/evidence/snapshots/capacity_gate_wave16_validation/campaigns/capacity_gate_wave16/cases/0017"]}
{"state": "running", "days": 25, "target": 365}
{"state": "running", "days": 50, "target": 365}
{"state": "running", "days": 75, "target": 365}
{"state": "running", "days": 100, "target": 365}
{"state": "running", "days": 125, "target": 365}
{"state": "running", "days": 150, "target": 365}
{"state": "running", "days": 175, "target": 365}
{"state": "running", "days": 200, "target": 365}
{"state": "running", "days": 225, "target": 365}
{"state": "running", "days": 250, "target": 365}
{"state": "running", "days": 275, "target": 365}
{"state": "running", "days": 300, "target": 365}
{"state": "running", "days": 325, "target": 365}
{"state": "running", "days": 350, "target": 365}
{"state": "complete", "days": 365, "target_days": 365, "same_fit_and_evaluation_population": true, "scope": "retrospective development mechanism test", "information": "Truck actions frozen for every day; full-day BESS/generator foresight. This is not a causal control-policy comparison.", "cost_convention": "Fixed assets included. Emergency energy is lexicographically minimized and unpriced; all-population money requires zero shortage on every day.", "statistics": {"old": {"failures": 0, "mean_shortage": 0.0, "mean_cost_all": 3604.1165581171012, "mean_operating_all_diagnostic": 2209.1165581171026}, "common": {"failures": 0, "mean_shortage": 0.0, "mean_cost_all": 3602.964048243823, "mean_operating_all_diagnostic": 2207.964048243823}, "adaptive": {"failures": 0, "mean_shortage": 0.0, "mean_cost_all": 3602.385610676971, "mean_operating_all_diagnostic": 2207.385610676971}}, "errors": [], "jointly_feasible_days": 365, "means_on_joint_support": {"old": 3604.116558117102, "common": 3602.964048243823, "adaptive": 3602.3856106769713}, "decomposition": {"old_minus_common": 1.152509873278177, "common_minus_adaptive": 0.5784375668522443, "old_minus_adaptive": 1.7309474401304215, "identity_residual": 0.0, "interpretation": "same-population nesting decomposition", "nesting_asserted": true, "solved_common_optimum": true}, "journal_hash": "a3cb84c259e8e0ae9b3913c6a04276dbcacd3b9ce8eed1c6f1043b1c8beae186", "identity_sha256": "5319e4154977a1f12e61bd88bf8200aab437458b809883abef34ff6bd15eb080", "frozen_profile_sha256": "4d371fa8130137c0d3bcd39da8cc9e713ee43276a899889f9ba62639b33a4fcf"}
