{"command": ["/home/nc437/evsp_env/bin/python", "/home/nc437/evspv2g-stochastic-review-20260910/releases/wave17-f8f8101/research/stochastic/common_profile_gate/solver.py", "--input", "/home/nc437/evspv2g-stochastic-review-20260910/releases/wave17-f8f8101/research/stochastic/common_profile_gate/inputs/policy17_nb20_fit2022.json", "--output", "/home/nc437/evspv2g-stochastic-review-20260910/campaigns/common_profile_gate_wave17/attempt02/policy17_nb20_fit2022/fit", "--backend", "gurobi", "--time-limit", "600", "--method", "2"]}
{"state": "complete", "output": "/home/nc437/evspv2g-stochastic-review-20260910/campaigns/common_profile_gate_wave17/attempt02/policy17_nb20_fit2022/fit", "comparison": {"same_support": true, "reliability_hierarchy_pass": true, "economic_hierarchy_pass": true, "inherited_profile_regret": 74.98280650409333, "available": true}}
{"command": ["/home/nc437/evsp_env/bin/python", "/home/nc437/evspv2g-stochastic-review-20260910/releases/wave17-f8f8101/research/stochastic/common_profile_gate/validate.py", "--input", "/home/nc437/evspv2g-stochastic-review-20260910/releases/wave17-f8f8101/research/stochastic/common_profile_gate/inputs/policy17_nb20_fit2022.json", "--result", "/home/nc437/evspv2g-stochastic-review-20260910/campaigns/common_profile_gate_wave17/attempt02/policy17_nb20_fit2022/fit/result.json", "--source-root", "/home/nc437/evspv2g-stochastic-review-20260910/releases/wave17-f8f8101/research/stochastic/evidence", "--output", "/home/nc437/evspv2g-stochastic-review-20260910/campaigns/common_profile_gate_wave17/attempt02/policy17_nb20_fit2022/validation.json"]}
{"state": "valid", "errors": []}
{"command": ["/home/nc437/evsp_env/bin/python", "/home/nc437/evspv2g-stochastic-review-20260910/releases/wave17-f8f8101/research/stochastic/common_profile_gate/evaluate.py", "--input", "/home/nc437/evspv2g-stochastic-review-20260910/releases/wave17-f8f8101/research/stochastic/common_profile_gate/inputs/policy17_nb20_fit2022.json", "--fit-input", "/home/nc437/evspv2g-stochastic-review-20260910/releases/wave17-f8f8101/research/stochastic/common_profile_gate/inputs/policy17_nb20_fit2022.json", "--result", "/home/nc437/evspv2g-stochastic-review-20260910/campaigns/common_profile_gate_wave17/attempt02/policy17_nb20_fit2022/fit/result.json", "--output-dir", "/home/nc437/evspv2g-stochastic-review-20260910/campaigns/common_profile_gate_wave17/attempt02/policy17_nb20_fit2022/replay2022", "--source-root", "/home/nc437/evspv2g-stochastic-review-20260910/releases/wave17-f8f8101/research/stochastic/evidence", "--reference-case", "/home/nc437/evspv2g-stochastic-review-20260910/releases/wave17-f8f8101/research/stochastic/evidence/snapshots/capacity_gate_wave16_validation/campaigns/capacity_gate_wave16/cases/0023"]}
{"state": "running", "days": 25, "target": 365}
{"state": "running", "days": 50, "target": 365}
{"state": "running", "days": 75, "target": 365}
{"state": "running", "days": 100, "target": 365}
{"state": "running", "days": 125, "target": 365}
{"state": "running", "days": 150, "target": 365}
{"state": "running", "days": 175, "target": 365}
{"state": "running", "days": 200, "target": 365}
{"state": "running", "days": 225, "target": 365}
{"state": "running", "days": 250, "target": 365}
{"state": "running", "days": 275, "target": 365}
{"state": "running", "days": 300, "target": 365}
{"state": "running", "days": 325, "target": 365}
{"state": "running", "days": 350, "target": 365}
{"state": "complete", "days": 365, "target_days": 365, "same_fit_and_evaluation_population": true, "scope": "retrospective development mechanism test", "information": "Truck actions frozen for every day; full-day BESS/generator foresight. This is not a causal control-policy comparison.", "cost_convention": "Fixed assets included. Emergency energy is lexicographically minimized and unpriced; all-population money requires zero shortage on every day.", "statistics": {"old": {"failures": 0, "mean_shortage": 0.0, "mean_cost_all": 3677.9468547479178, "mean_operating_all_diagnostic": 2282.946854747917}, "common": {"failures": 0, "mean_shortage": 0.0, "mean_cost_all": 3602.9640482438226, "mean_operating_all_diagnostic": 2207.9640482438235}, "adaptive": {"failures": 0, "mean_shortage": 0.0, "mean_cost_all": 3602.385610676971, "mean_operating_all_diagnostic": 2207.3856106769713}}, "errors": [], "jointly_feasible_days": 365, "means_on_joint_support": {"old": 3677.9468547479187, "common": 3602.964048243823, "adaptive": 3602.3856106769713}, "decomposition": {"old_minus_common": 74.98280650409515, "common_minus_adaptive": 0.5784375668517896, "old_minus_adaptive": 75.56124407094694, "identity_residual": 0.0, "interpretation": "same-population nesting decomposition", "nesting_asserted": true, "solved_common_optimum": true}, "journal_hash": "c3189c3a686048cccb9390156a284adb7075e4cc7112bc9291b6cd9ca0f47e4c", "identity_sha256": "4561ca66ab1cd081129ce8ca713416468490079d1ef1f3dabc14975477a1136f", "frozen_profile_sha256": "df0b2798c252c8e85c0650f214f50ebc8255f84e9d0876c314a1019d308e6d92"}
