
Gurobi 12.0.3 (linux64) logging started Mon Sep 21 23:27:50 2026

Set parameter LogFile to value "/home/nc437/evspv2g-stochastic-review-20260910/campaigns/common_profile_gate_wave17/attempt02/policy17_nb20_fit2022/fit/inherited_cost.log"
Gurobi Optimizer version 12.0.3 build v12.0.3rc0 (linux64 - "Ubuntu 24.04.4 LTS")

CPU model: Intel(R) Xeon(R) Gold 6348 CPU @ 2.60GHz, instruction set [SSE2|AVX|AVX2|AVX512]
Thread count: 56 physical cores, 56 logical processors, using up to 1 threads

Non-default parameters:
TimeLimit  600
FeasibilityTol  1e-07
OptimalityTol  1e-08
Method  2
BarConvTol  1e-09
InfUnbdInfo  1
LogToConsole  0
Threads  1

Optimize a model with 37201 rows, 90140 columns and 687600 nonzeros
Coefficient statistics:
  Matrix range     [3e-03, 1e+00]
  Objective range  [7e-05, 1e-01]
  Bounds range     [2e+00, 1e+02]
  RHS range        [1e-02, 2e+01]
LP warm-start: discard basis
Presolve removed 3267 rows and 22284 columns
Presolve time: 0.15s
Presolved: 33934 rows, 67856 columns, 118192 nonzeros

Ordering time: 0.01s

Barrier statistics:
 AA' NZ     : 3.357e+04
 Factor NZ  : 5.440e+05 (roughly 45 MB of memory)
 Factor Ops : 1.140e+07 (less than 1 second per iteration)
 Threads    : 1

                  Objective                Residual
Iter       Primal          Dual         Primal    Dual     Compl     Time
   0   9.49544422e+04 -3.39088925e+05  1.82e+02 8.88e-16  2.18e+02     0s
   1   2.19187905e+04 -1.04413736e+05  1.84e+01 3.30e-15  3.24e+01     0s
   2   6.61048960e+03 -1.64941906e+04  2.32e-01 1.55e-13  4.85e+00     0s
   3   2.94533495e+03 -6.08066939e+03  1.57e-02 6.17e-14  1.89e+00     0s
   4   2.46207347e+03  5.52997459e+02  2.95e-03 1.07e-14  4.00e-01     0s
   5   2.38417690e+03  2.05144693e+03  1.54e-03 1.33e-15  6.97e-02     0s
   6   2.33510986e+03  2.24370828e+03  7.09e-04 1.33e-15  1.91e-02     0s
   7   2.30338983e+03  2.26547621e+03  2.72e-04 1.33e-15  7.94e-03     0s
   8   2.28601816e+03  2.27876120e+03  3.04e-05 1.37e-15  1.52e-03     0s
   9   2.28381117e+03  2.28089948e+03  7.30e-06 1.33e-15  6.10e-04     0s
  10   2.28341356e+03  2.28185634e+03  3.78e-06 1.33e-15  3.26e-04     1s
  11   2.28326837e+03  2.28233394e+03  2.60e-06 1.33e-15  1.96e-04     1s
  12   2.28314262e+03  2.28250038e+03  1.58e-06 1.33e-15  1.34e-04     1s
  13   2.28302743e+03  2.28264988e+03  6.43e-07 1.33e-15  7.90e-05     1s
  14   2.28298950e+03  2.28278529e+03  3.19e-07 1.11e-15  4.27e-05     1s
  15   2.28297024e+03  2.28284122e+03  1.72e-07 1.33e-15  2.70e-05     1s
  16   2.28296334e+03  2.28288013e+03  1.17e-07 1.33e-15  1.74e-05     1s
  17   2.28295649e+03  2.28292094e+03  6.49e-08 1.33e-15  7.44e-06     1s
  18   2.28295384e+03  2.28292487e+03  4.68e-08 8.88e-16  6.06e-06     1s
  19   2.28294911e+03  2.28292894e+03  1.32e-08 9.92e-16  4.22e-06     1s
  20   2.28294797e+03  2.28294622e+03  6.26e-09 1.78e-15  3.65e-07     1s
  21   2.28294688e+03  2.28294679e+03  1.21e-10 1.78e-15  1.89e-08     1s
  22   2.28294685e+03  2.28294685e+03  8.64e-11 1.78e-15  4.77e-12     1s

Barrier solved model in 22 iterations and 0.83 seconds (0.69 work units)
Optimal objective 2.28294685e+03

Crossover log...

    5643 DPushes remaining with DInf 0.0000000e+00                 1s
       0 DPushes remaining with DInf 0.0000000e+00                 1s

    8126 PPushes remaining with PInf 0.0000000e+00                 1s
       0 PPushes remaining with PInf 0.0000000e+00                 1s

  Push phase complete: Pinf 0.0000000e+00, Dinf 0.0000000e+00      1s

Iteration    Objective       Primal Inf.    Dual Inf.      Time
   12795    2.2829469e+03   0.000000e+00   0.000000e+00      1s

Solved in 12795 iterations and 1.00 seconds (0.75 work units)
Optimal objective  2.282946855e+03
