
Gurobi 12.0.3 (linux64) logging started Mon Sep 21 23:30:17 2026

Set parameter LogFile to value "/home/nc437/evspv2g-stochastic-review-20260910/campaigns/common_profile_gate_wave17/attempt02/policy14_nb20_fit2023/fit/common_shortage.log"
Gurobi Optimizer version 12.0.3 build v12.0.3rc0 (linux64 - "Ubuntu 24.04.4 LTS")

CPU model: Intel(R) Xeon(R) Gold 6348 CPU @ 2.60GHz, instruction set [SSE2|AVX|AVX2|AVX512]
Thread count: 56 physical cores, 56 logical processors, using up to 1 threads

Non-default parameters:
TimeLimit  600
FeasibilityTol  1e-07
OptimalityTol  1e-08
Method  2
BarConvTol  1e-09
InfUnbdInfo  1
LogToConsole  0
Threads  1

Optimize a model with 35760 rows, 90140 columns and 668640 nonzeros
Model fingerprint: 0x55d0f2c0
Coefficient statistics:
  Matrix range     [1e+00, 1e+00]
  Objective range  [3e-03, 3e-03]
  Bounds range     [2e+00, 1e+02]
  RHS range        [8e-03, 2e+01]
Presolve removed 876 rows and 37510 columns
Presolve time: 0.28s
Presolved: 34884 rows, 52630 columns, 308324 nonzeros

Ordering time: 0.54s

Barrier statistics:
 Dense cols : 606
 AA' NZ     : 2.563e+05
 Factor NZ  : 2.689e+06 (roughly 60 MB of memory)
 Factor Ops : 5.762e+08 (less than 1 second per iteration)
 Threads    : 1

                  Objective                Residual
Iter       Primal          Dual         Primal    Dual     Compl     Time
   0   1.11576362e+03 -1.34698770e+03  2.84e+02 0.00e+00  8.45e+00     1s
   1   3.42776670e+02 -2.20569467e+02  8.84e+01 2.46e-05  1.48e+00     1s
   2   8.34613189e+01 -2.31230531e+01  2.17e+01 1.69e-05  2.65e-01     1s
   3   2.37038514e+00 -1.38822952e+00  5.95e-01 6.46e-05  9.17e-03     2s
   4   2.37636502e-03 -1.50853173e-03  1.71e-08 3.47e-07  9.45e-06     2s
   5   2.37637068e-06 -1.50853443e-06  4.48e-10 5.98e-15  9.45e-09     2s
   6   2.37637069e-09 -1.50853442e-09  1.63e-12 3.33e-16  9.45e-12     2s
   7   2.37637069e-12 -1.50853448e-12  6.13e-14 3.33e-16  9.45e-15     2s

Barrier solved model in 7 iterations and 2.21 seconds (2.52 work units)
Optimal objective 2.37637069e-12

Crossover log...

     574 DPushes remaining with DInf 0.0000000e+00                 2s

   18320 PPushes remaining with PInf 0.0000000e+00                 2s
       0 PPushes remaining with PInf 0.0000000e+00                 2s

  Push phase complete: Pinf 0.0000000e+00, Dinf 0.0000000e+00      2s

Iteration    Objective       Primal Inf.    Dual Inf.      Time
   18323    0.0000000e+00   0.000000e+00   0.000000e+00      2s

Solved in 18323 iterations and 2.50 seconds (2.72 work units)
Optimal objective  0.000000000e+00
