
Gurobi 12.0.3 (linux64) logging started Mon Sep 21 23:29:40 2026

Set parameter LogFile to value "/home/nc437/evspv2g-stochastic-review-20260910/campaigns/common_profile_gate_wave17/attempt02/policy14_nb20_fit2022/fit/common_cost.log"
Gurobi Optimizer version 12.0.3 build v12.0.3rc0 (linux64 - "Ubuntu 24.04.4 LTS")

CPU model: Intel(R) Xeon(R) Gold 6348 CPU @ 2.60GHz, instruction set [SSE2|AVX|AVX2|AVX512]
Thread count: 56 physical cores, 56 logical processors, using up to 1 threads

Non-default parameters:
TimeLimit  600
FeasibilityTol  1e-07
OptimalityTol  1e-08
Method  2
BarConvTol  1e-09
InfUnbdInfo  1
LogToConsole  0
Threads  1

Optimize a model with 35761 rows, 90140 columns and 686160 nonzeros
Coefficient statistics:
  Matrix range     [3e-03, 1e+00]
  Objective range  [7e-05, 1e-01]
  Bounds range     [2e+00, 1e+02]
  RHS range        [1e-02, 2e+01]
LP warm-start: discard basis
Presolve removed 877 rows and 20148 columns
Presolve time: 0.27s
Presolved: 34884 rows, 69992 columns, 551256 nonzeros

Ordering time: 0.87s

Barrier statistics:
 Dense cols : 1178
 AA' NZ     : 4.657e+05
 Factor NZ  : 7.256e+06 (roughly 100 MB of memory)
 Factor Ops : 3.471e+09 (less than 1 second per iteration)
 Threads    : 1

                  Objective                Residual
Iter       Primal          Dual         Primal    Dual     Compl     Time
   0   9.03401161e+04 -3.44876170e+05  5.94e+02 5.58e-04  2.08e+02     2s
   1   3.38358570e+04 -1.02558872e+05  1.60e+02 1.38e-03  4.23e+01     2s
   2   1.49437334e+04 -2.70495924e+04  5.37e+01 8.21e-04  1.04e+01     3s
   3   6.09444401e+03 -3.20044249e+03  1.55e+01 3.10e-03  2.02e+00     3s
   4   2.95704642e+03  1.73615522e+03  2.97e+00 4.81e-03  2.54e-01     4s
   5   2.38211039e+03  2.11642119e+03  6.39e-01 9.22e-03  5.47e-02     4s
   6   2.22418270e+03  2.17642189e+03  3.57e-02 3.14e-03  9.74e-03     5s
   7   2.21121843e+03  2.20426284e+03  3.26e-03 2.09e-04  1.42e-03     5s
   8   2.20941238e+03  2.20682368e+03  1.39e-03 5.92e-05  5.27e-04     6s
   9   2.20881630e+03  2.20748153e+03  8.37e-04 2.33e-05  2.72e-04     7s
  10   2.20850834e+03  2.20776098e+03  5.64e-04 8.60e-06  1.52e-04     7s
  11   2.20831040e+03  2.20784898e+03  3.81e-04 4.31e-06  9.40e-05     8s
  12   2.20819520e+03  2.20787329e+03  2.74e-04 3.27e-06  6.56e-05     8s
  13   2.20812039e+03  2.20789327e+03  2.00e-04 2.46e-06  4.63e-05     9s
  14   2.20808420e+03  2.20791173e+03  1.59e-04 1.77e-06  3.52e-05     9s
  15   2.20806569e+03  2.20791613e+03  1.35e-04 1.61e-06  3.05e-05    10s
  16   2.20804782e+03  2.20793229e+03  1.11e-04 1.05e-06  2.36e-05    10s
  17   2.20802904e+03  2.20794277e+03  8.70e-05 6.87e-07  1.76e-05    11s
  18   2.20801425e+03  2.20794498e+03  6.87e-05 6.06e-07  1.41e-05    11s
  19   2.20800723e+03  2.20794737e+03  5.97e-05 5.28e-07  1.22e-05    12s
  20   2.20800156e+03  2.20795217e+03  5.23e-05 3.75e-07  1.01e-05    12s
  21   2.20799577e+03  2.20795458e+03  4.45e-05 2.93e-07  8.40e-06    13s
  22   2.20799399e+03  2.20795540e+03  4.21e-05 2.66e-07  7.87e-06    13s
  23   2.20798152e+03  2.20796004e+03  2.55e-05 1.12e-07  4.38e-06    14s
  24   2.20797398e+03  2.20796165e+03  1.43e-05 6.47e-08  2.51e-06    14s
  25   2.20797094e+03  2.20796227e+03  9.88e-06 4.53e-08  1.77e-06    15s
  26   2.20796736e+03  2.20796369e+03  4.64e-06 7.67e-09  7.47e-07    15s
  27   2.20796462e+03  2.20796398e+03  7.69e-07 3.36e-10  1.31e-07    16s
  28   2.20796407e+03  2.20796404e+03  2.48e-08 1.75e-11  7.84e-09    16s
  29   2.20796405e+03  2.20796405e+03  2.94e-11 3.54e-12  7.85e-12    17s

Barrier solved model in 29 iterations and 16.91 seconds (14.43 work units)
Optimal objective 2.20796405e+03

Crossover log...

    9818 DPushes remaining with DInf 0.0000000e+00                17s
       0 DPushes remaining with DInf 0.0000000e+00                17s

    7795 PPushes remaining with PInf 2.2661500e-07                17s
       0 PPushes remaining with PInf 0.0000000e+00                17s

  Push phase complete: Pinf 0.0000000e+00, Dinf 1.7458923e-11     17s

Iteration    Objective       Primal Inf.    Dual Inf.      Time
   17456    2.2079640e+03   0.000000e+00   0.000000e+00     17s

Solved in 17456 iterations and 17.35 seconds (14.71 work units)
Optimal objective  2.207964048e+03
