
Gurobi 12.0.3 (linux64) logging started Mon Sep 21 23:29:38 2026

Set parameter LogFile to value "/home/nc437/evspv2g-stochastic-review-20260910/campaigns/common_profile_gate_wave17/attempt02/policy14_nb20_fit2022/fit/common_shortage.log"
Gurobi Optimizer version 12.0.3 build v12.0.3rc0 (linux64 - "Ubuntu 24.04.4 LTS")

CPU model: Intel(R) Xeon(R) Gold 6348 CPU @ 2.60GHz, instruction set [SSE2|AVX|AVX2|AVX512]
Thread count: 56 physical cores, 56 logical processors, using up to 1 threads

Non-default parameters:
TimeLimit  600
FeasibilityTol  1e-07
OptimalityTol  1e-08
Method  2
BarConvTol  1e-09
InfUnbdInfo  1
LogToConsole  0
Threads  1

Optimize a model with 35760 rows, 90140 columns and 668640 nonzeros
Model fingerprint: 0x8ecc4ede
Coefficient statistics:
  Matrix range     [1e+00, 1e+00]
  Objective range  [3e-03, 3e-03]
  Bounds range     [2e+00, 1e+02]
  RHS range        [1e-02, 2e+01]
Presolve removed 876 rows and 37510 columns
Presolve time: 0.23s
Presolved: 34884 rows, 52630 columns, 308324 nonzeros

Ordering time: 0.41s

Barrier statistics:
 Dense cols : 606
 AA' NZ     : 2.563e+05
 Factor NZ  : 2.689e+06 (roughly 60 MB of memory)
 Factor Ops : 5.762e+08 (less than 1 second per iteration)
 Threads    : 1

                  Objective                Residual
Iter       Primal          Dual         Primal    Dual     Compl     Time
   0   1.15634621e+03 -1.37833194e+03  2.95e+02 0.00e+00  8.77e+00     1s
   1   3.68415002e+02 -2.35637721e+02  9.50e+01 2.84e-05  1.60e+00     1s
   2   1.04120967e+02 -2.51545271e+01  2.70e+01 1.80e-05  3.22e-01     1s
   3   3.30490195e+00 -1.87574217e+00  8.33e-01 1.01e-04  1.27e-02     1s
   4   3.31606064e-03 -2.74797093e-03  1.68e-08 7.38e-07  1.47e-05     2s
   5   3.31607388e-06 -2.74792813e-06  7.82e-10 8.71e-15  1.47e-08     2s
   6   3.31607390e-09 -2.74792812e-09  1.73e-12 3.33e-16  1.47e-11     2s
   7   3.31607390e-12 -2.74792816e-12  6.95e-14 3.33e-16  1.47e-14     2s

Barrier solved model in 7 iterations and 2.03 seconds (2.52 work units)
Optimal objective 3.31607390e-12

Crossover log...

     574 DPushes remaining with DInf 0.0000000e+00                 2s

   18320 PPushes remaining with PInf 0.0000000e+00                 2s
       0 PPushes remaining with PInf 0.0000000e+00                 2s

  Push phase complete: Pinf 0.0000000e+00, Dinf 0.0000000e+00      2s

Iteration    Objective       Primal Inf.    Dual Inf.      Time
   18323    0.0000000e+00   0.000000e+00   0.000000e+00      2s

Solved in 18323 iterations and 2.34 seconds (2.73 work units)
Optimal objective  0.000000000e+00
