
Gurobi 12.0.3 (linux64) logging started Mon Sep 21 23:29:36 2026

Set parameter LogFile to value "/home/nc437/evspv2g-stochastic-review-20260910/campaigns/common_profile_gate_wave17/attempt02/policy14_nb20_fit2022/fit/inherited_cost.log"
Gurobi Optimizer version 12.0.3 build v12.0.3rc0 (linux64 - "Ubuntu 24.04.4 LTS")

CPU model: Intel(R) Xeon(R) Gold 6348 CPU @ 2.60GHz, instruction set [SSE2|AVX|AVX2|AVX512]
Thread count: 56 physical cores, 56 logical processors, using up to 1 threads

Non-default parameters:
TimeLimit  600
FeasibilityTol  1e-07
OptimalityTol  1e-08
Method  2
BarConvTol  1e-09
InfUnbdInfo  1
LogToConsole  0
Threads  1

Optimize a model with 37201 rows, 90140 columns and 687600 nonzeros
Coefficient statistics:
  Matrix range     [3e-03, 1e+00]
  Objective range  [7e-05, 1e-01]
  Bounds range     [2e+00, 1e+02]
  RHS range        [1e-02, 2e+01]
LP warm-start: discard basis
Presolve removed 3272 rows and 22291 columns
Presolve time: 0.16s
Presolved: 33929 rows, 67849 columns, 118178 nonzeros

Ordering time: 0.01s

Barrier statistics:
 AA' NZ     : 3.356e+04
 Factor NZ  : 5.440e+05 (roughly 45 MB of memory)
 Factor Ops : 1.140e+07 (less than 1 second per iteration)
 Threads    : 1

                  Objective                Residual
Iter       Primal          Dual         Primal    Dual     Compl     Time
   0   9.47223190e+04 -3.39012548e+05  2.26e+02 8.88e-16  2.18e+02     0s
   1   2.16945519e+04 -1.04224912e+05  2.25e+01 3.30e-15  3.22e+01     0s
   2   6.22311682e+03 -1.62306585e+04  1.94e-01 1.39e-13  4.71e+00     0s
   3   2.97546468e+03 -7.68064289e+03  1.80e-02 7.24e-14  2.23e+00     0s
   4   2.37435176e+03  6.30301502e+02  2.96e-03 7.55e-15  3.65e-01     0s
   5   2.31225425e+03  2.02488541e+03  1.65e-03 1.78e-15  6.02e-02     0s
   6   2.26389242e+03  2.17572267e+03  7.81e-04 1.33e-15  1.85e-02     0s
   7   2.22998114e+03  2.19739856e+03  2.90e-04 1.33e-15  6.82e-03     0s
   8   2.21113275e+03  2.20623369e+03  2.15e-05 1.78e-15  1.03e-03     0s
   9   2.20952006e+03  2.20783635e+03  3.81e-06 1.33e-15  3.52e-04     0s
  10   2.20931889e+03  2.20842872e+03  1.86e-06 1.33e-15  1.86e-04     1s
  11   2.20921631e+03  2.20872494e+03  9.26e-07 8.88e-16  1.03e-04     1s
  12   2.20918575e+03  2.20888150e+03  6.36e-07 1.33e-15  6.37e-05     1s
  13   2.20914986e+03  2.20903934e+03  2.92e-07 1.33e-15  2.31e-05     1s
  14   2.20911930e+03  2.20910146e+03  1.75e-08 1.78e-15  3.74e-06     1s
  15   2.20911736e+03  2.20911341e+03  4.06e-09 1.33e-15  8.26e-07     1s
  16   2.20911661e+03  2.20911647e+03  7.98e-11 1.33e-15  2.88e-08     1s
  17   2.20911656e+03  2.20911656e+03  1.87e-11 1.78e-15  2.99e-13     1s

Barrier solved model in 17 iterations and 0.69 seconds (0.58 work units)
Optimal objective 2.20911656e+03

Crossover log...

    4415 DPushes remaining with DInf 0.0000000e+00                 1s
       0 DPushes remaining with DInf 0.0000000e+00                 1s

    8997 PPushes remaining with PInf 0.0000000e+00                 1s
       0 PPushes remaining with PInf 0.0000000e+00                 1s

  Push phase complete: Pinf 0.0000000e+00, Dinf 0.0000000e+00      1s

Iteration    Objective       Primal Inf.    Dual Inf.      Time
   12525    2.2091166e+03   0.000000e+00   0.000000e+00      1s

Solved in 12525 iterations and 0.85 seconds (0.64 work units)
Optimal objective  2.209116558e+03
