
Gurobi 12.0.3 (linux64) logging started Mon Sep 21 23:29:39 2026

Set parameter LogFile to value "/home/nc437/evspv2g-stochastic-review-20260910/campaigns/common_profile_gate_wave17/attempt02/policy17_nb20_fit2023/fit/common_cost.log"
Gurobi Optimizer version 12.0.3 build v12.0.3rc0 (linux64 - "Ubuntu 24.04.4 LTS")

CPU model: Intel(R) Xeon(R) Gold 6348 CPU @ 2.60GHz, instruction set [SSE2|AVX|AVX2|AVX512]
Thread count: 56 physical cores, 56 logical processors, using up to 1 threads

Non-default parameters:
TimeLimit  600
FeasibilityTol  1e-07
OptimalityTol  1e-08
Method  2
BarConvTol  1e-09
InfUnbdInfo  1
LogToConsole  0
Threads  1

Optimize a model with 35761 rows, 90140 columns and 686160 nonzeros
Coefficient statistics:
  Matrix range     [3e-03, 1e+00]
  Objective range  [7e-05, 1e-01]
  Bounds range     [2e+00, 1e+02]
  RHS range        [8e-03, 2e+01]
LP warm-start: discard basis
Presolve removed 877 rows and 20148 columns
Presolve time: 0.26s
Presolved: 34884 rows, 69992 columns, 551256 nonzeros

Ordering time: 0.87s

Barrier statistics:
 Dense cols : 1178
 AA' NZ     : 4.657e+05
 Factor NZ  : 7.256e+06 (roughly 100 MB of memory)
 Factor Ops : 3.471e+09 (less than 1 second per iteration)
 Threads    : 1

                  Objective                Residual
Iter       Primal          Dual         Primal    Dual     Compl     Time
   0   8.65630052e+04 -3.44540802e+05  5.65e+02 5.59e-04  2.01e+02     2s
   1   3.23491686e+04 -9.80983714e+04  1.49e+02 6.79e-04  3.97e+01     2s
   2   1.43067173e+04 -2.55949744e+04  4.82e+01 1.32e-03  9.72e+00     3s
   3   5.00686630e+03 -1.43375132e+03  8.97e+00 4.98e-03  1.37e+00     3s
   4   3.13581618e+03  2.28079461e+03  1.93e+00 5.04e-03  1.77e-01     4s
   5   2.68834025e+03  2.49111681e+03  2.58e-01 9.34e-03  4.04e-02     4s
   6   2.62146120e+03  2.59014739e+03  3.35e-02 1.62e-03  6.39e-03     5s
   7   2.61093002e+03  2.60534655e+03  5.60e-03 6.94e-04  1.14e-03     5s
   8   2.60927988e+03  2.60659586e+03  2.87e-03 2.90e-04  5.47e-04     6s
   9   2.60845017e+03  2.60711026e+03  1.58e-03 1.25e-04  2.73e-04     7s
  10   2.60797485e+03  2.60732340e+03  8.31e-04 4.35e-05  1.33e-04     7s
  11   2.60775121e+03  2.60741116e+03  4.54e-04 1.45e-05  6.95e-05     8s
  12   2.60761469e+03  2.60744508e+03  2.23e-04 5.09e-06  3.47e-05     8s
  13   2.60757115e+03  2.60745425e+03  1.56e-04 3.09e-06  2.39e-05     9s
  14   2.60754024e+03  2.60746209e+03  1.09e-04 1.66e-06  1.60e-05     9s
  15   2.60752688e+03  2.60746476e+03  8.96e-05 1.22e-06  1.27e-05     9s
  16   2.60751895e+03  2.60746625e+03  7.63e-05 9.77e-07  1.08e-05    10s
  17   2.60751196e+03  2.60746696e+03  6.46e-05 8.65e-07  9.20e-06    10s
  18   2.60750956e+03  2.60746931e+03  6.06e-05 4.83e-07  8.23e-06    11s
  19   2.60749659e+03  2.60747011e+03  4.13e-05 3.16e-07  5.42e-06    11s
  20   2.60749000e+03  2.60747056e+03  3.12e-05 2.51e-07  3.98e-06    12s
  21   2.60748172e+03  2.60747140e+03  1.74e-05 1.33e-07  2.11e-06    12s
  22   2.60747676e+03  2.60747182e+03  9.61e-06 9.01e-08  1.01e-06    13s
  23   2.60747431e+03  2.60747232e+03  4.11e-06 3.45e-08  4.10e-07    13s
  24   2.60747323e+03  2.60747264e+03  1.55e-06 8.73e-10  1.23e-07    14s
  25   2.60747268e+03  2.60747265e+03  6.92e-08 8.82e-11  6.93e-09    14s
  26   2.60747266e+03  2.60747266e+03  8.03e-10 1.22e-11  2.45e-10    15s

Barrier solved model in 26 iterations and 14.65 seconds (13.21 work units)
Optimal objective 2.60747266e+03

Crossover log...

    9868 DPushes remaining with DInf 0.0000000e+00                15s
      77 DPushes remaining with DInf 0.0000000e+00                15s
       0 DPushes remaining with DInf 0.0000000e+00                15s

   15034 PPushes remaining with PInf 2.1740679e-04                15s
       0 PPushes remaining with PInf 0.0000000e+00                15s

  Push phase complete: Pinf 0.0000000e+00, Dinf 2.8493151e-02     15s

Iteration    Objective       Primal Inf.    Dual Inf.      Time
   24905    2.6074727e+03   0.000000e+00   2.849315e-02     15s
   24920    2.6074727e+03   0.000000e+00   0.000000e+00     15s

Solved in 24920 iterations and 15.22 seconds (13.56 work units)
Optimal objective  2.607472658e+03
