
Gurobi 12.0.3 (linux64) logging started Mon Sep 21 23:29:36 2026

Set parameter LogFile to value "/home/nc437/evspv2g-stochastic-review-20260910/campaigns/common_profile_gate_wave17/attempt02/policy17_nb20_fit2023/fit/common_shortage.log"
Gurobi Optimizer version 12.0.3 build v12.0.3rc0 (linux64 - "Ubuntu 24.04.4 LTS")

CPU model: Intel(R) Xeon(R) Gold 6348 CPU @ 2.60GHz, instruction set [SSE2|AVX|AVX2|AVX512]
Thread count: 56 physical cores, 56 logical processors, using up to 1 threads

Non-default parameters:
TimeLimit  600
FeasibilityTol  1e-07
OptimalityTol  1e-08
Method  2
BarConvTol  1e-09
InfUnbdInfo  1
LogToConsole  0
Threads  1

Optimize a model with 35760 rows, 90140 columns and 668640 nonzeros
Model fingerprint: 0x92e82b04
Coefficient statistics:
  Matrix range     [1e+00, 1e+00]
  Objective range  [3e-03, 3e-03]
  Bounds range     [2e+00, 1e+02]
  RHS range        [8e-03, 2e+01]
Presolve removed 876 rows and 37510 columns
Presolve time: 0.25s
Presolved: 34884 rows, 52630 columns, 308324 nonzeros

Ordering time: 0.41s

Barrier statistics:
 Dense cols : 606
 AA' NZ     : 2.563e+05
 Factor NZ  : 2.689e+06 (roughly 60 MB of memory)
 Factor Ops : 5.762e+08 (less than 1 second per iteration)
 Threads    : 1

                  Objective                Residual
Iter       Primal          Dual         Primal    Dual     Compl     Time
   0   1.11575142e+03 -1.34698838e+03  3.41e+02 0.00e+00  8.45e+00     1s
   1   3.42821065e+02 -2.20569379e+02  1.06e+02 1.85e-05  1.48e+00     1s
   2   8.54982908e+01 -2.31426633e+01  2.66e+01 2.33e-05  2.70e-01     1s
   3   1.42275514e+00 -1.41501510e+00  4.17e-01 8.19e-05  6.92e-03     1s
   4   1.42671493e-03 -1.43766923e-03  1.79e-08 5.79e-07  6.97e-06     2s
   5   1.42671869e-06 -1.43763501e-06  5.02e-10 5.93e-15  6.97e-09     2s
   6   1.42671869e-09 -1.43763500e-09  2.11e-12 3.33e-16  6.97e-12     2s
   7   1.42671869e-12 -1.43763608e-12  7.77e-14 2.22e-16  6.97e-15     2s

Barrier solved model in 7 iterations and 1.98 seconds (2.52 work units)
Optimal objective 1.42671869e-12

Crossover log...

     574 DPushes remaining with DInf 0.0000000e+00                 2s

   18320 PPushes remaining with PInf 0.0000000e+00                 2s
       0 PPushes remaining with PInf 0.0000000e+00                 2s

  Push phase complete: Pinf 0.0000000e+00, Dinf 0.0000000e+00      2s

Iteration    Objective       Primal Inf.    Dual Inf.      Time
   18323    0.0000000e+00   0.000000e+00   0.000000e+00      2s

Solved in 18323 iterations and 2.30 seconds (2.74 work units)
Optimal objective  0.000000000e+00
