
Gurobi 12.0.3 (linux64) logging started Mon Sep 21 23:29:34 2026

Set parameter LogFile to value "/home/nc437/evspv2g-stochastic-review-20260910/campaigns/common_profile_gate_wave17/attempt02/policy17_nb20_fit2023/fit/inherited_shortage.log"
Gurobi Optimizer version 12.0.3 build v12.0.3rc0 (linux64 - "Ubuntu 24.04.4 LTS")

CPU model: Intel(R) Xeon(R) Gold 6348 CPU @ 2.60GHz, instruction set [SSE2|AVX|AVX2|AVX512]
Thread count: 56 physical cores, 56 logical processors, using up to 1 threads

Non-default parameters:
TimeLimit  600
FeasibilityTol  1e-07
OptimalityTol  1e-08
Method  2
BarConvTol  1e-09
InfUnbdInfo  1
LogToConsole  0
Threads  1

Optimize a model with 37200 rows, 90140 columns and 670080 nonzeros
Model fingerprint: 0xd33cb6d3
Coefficient statistics:
  Matrix range     [1e+00, 1e+00]
  Objective range  [3e-03, 3e-03]
  Bounds range     [2e+00, 1e+02]
  RHS range        [8e-03, 2e+01]
Presolve removed 3255 rows and 39040 columns
Presolve time: 0.22s
Presolved: 33945 rows, 51100 columns, 84680 nonzeros

Ordering time: 0.01s

Barrier statistics:
 AA' NZ     : 3.358e+04
 Factor NZ  : 5.438e+05 (roughly 40 MB of memory)
 Factor Ops : 1.141e+07 (less than 1 second per iteration)
 Threads    : 1

                  Objective                Residual
Iter       Primal          Dual         Primal    Dual     Compl     Time
   0   1.20572822e+03 -1.43366802e+03  9.14e+01 0.00e+00  9.40e+00     0s
   1   1.63314168e+02 -2.36543564e+02  1.25e+01 3.33e-16  1.05e+00     0s
   2   2.21593760e+00 -1.42015191e+01  1.91e-01 3.33e-16  4.12e-02     0s
   3   2.44613993e-03 -1.41486070e-02  1.12e-12 3.33e-16  4.16e-05     0s
   4   2.44621578e-06 -1.41485311e-05  1.15e-12 3.33e-16  4.16e-08     0s
   5   2.44621585e-09 -1.41485311e-08  1.20e-12 3.33e-16  4.16e-11     0s
   6   2.44621585e-12 -1.41485311e-11  3.55e-14 2.22e-16  4.16e-14     0s

Barrier solved model in 6 iterations and 0.43 seconds (0.37 work units)
Optimal objective 2.44621585e-12

Crossover log...

       0 DPushes remaining with DInf 0.0000000e+00                 0s

   17155 PPushes remaining with PInf 0.0000000e+00                 0s
       0 PPushes remaining with PInf 0.0000000e+00                 1s

  Push phase complete: Pinf 0.0000000e+00, Dinf 0.0000000e+00      1s

Iteration    Objective       Primal Inf.    Dual Inf.      Time
   17158    0.0000000e+00   0.000000e+00   0.000000e+00      1s

Solved in 17158 iterations and 0.57 seconds (0.41 work units)
Optimal objective  0.000000000e+00
