
Gurobi 12.0.3 (linux64) logging started Mon Sep 21 23:29:35 2026

Set parameter LogFile to value "/home/nc437/evspv2g-stochastic-review-20260910/campaigns/common_profile_gate_wave17/attempt02/policy17_nb20_fit2023/fit/inherited_cost.log"
Gurobi Optimizer version 12.0.3 build v12.0.3rc0 (linux64 - "Ubuntu 24.04.4 LTS")

CPU model: Intel(R) Xeon(R) Gold 6348 CPU @ 2.60GHz, instruction set [SSE2|AVX|AVX2|AVX512]
Thread count: 56 physical cores, 56 logical processors, using up to 1 threads

Non-default parameters:
TimeLimit  600
FeasibilityTol  1e-07
OptimalityTol  1e-08
Method  2
BarConvTol  1e-09
InfUnbdInfo  1
LogToConsole  0
Threads  1

Optimize a model with 37201 rows, 90140 columns and 687600 nonzeros
Coefficient statistics:
  Matrix range     [3e-03, 1e+00]
  Objective range  [7e-05, 1e-01]
  Bounds range     [2e+00, 1e+02]
  RHS range        [8e-03, 2e+01]
LP warm-start: discard basis
Presolve removed 3279 rows and 22312 columns
Presolve time: 0.15s
Presolved: 33922 rows, 67828 columns, 118136 nonzeros

Ordering time: 0.01s

Barrier statistics:
 AA' NZ     : 3.356e+04
 Factor NZ  : 5.438e+05 (roughly 45 MB of memory)
 Factor Ops : 1.140e+07 (less than 1 second per iteration)
 Threads    : 1

                  Objective                Residual
Iter       Primal          Dual         Primal    Dual     Compl     Time
   0   9.51845331e+04 -3.38626680e+05  3.18e+02 8.88e-16  2.18e+02     0s
   1   2.28795367e+04 -1.03912690e+05  3.50e+01 3.30e-15  3.30e+01     0s
   2   7.10974352e+03 -1.66269864e+04  7.79e-01 2.75e-14  5.00e+00     0s
   3   3.30328572e+03 -3.95401854e+03  4.47e-02 9.33e-15  1.52e+00     0s
   4   2.87132090e+03  1.57329277e+03  1.15e-02 1.78e-15  2.72e-01     0s
   5   2.77588908e+03  2.41035883e+03  5.90e-03 1.33e-15  7.65e-02     0s
   6   2.72903553e+03  2.62493544e+03  3.12e-03 1.78e-15  2.18e-02     0s
   7   2.68565300e+03  2.65246414e+03  8.45e-04 1.33e-15  6.95e-03     0s
   8   2.67123005e+03  2.66336960e+03  1.04e-04 1.33e-15  1.65e-03     0s
   9   2.66908479e+03  2.66560672e+03  1.84e-05 1.33e-15  7.28e-04     0s
  10   2.66882532e+03  2.66696993e+03  1.06e-05 1.13e-15  3.89e-04     1s
  11   2.66867126e+03  2.66743613e+03  6.68e-06 1.33e-15  2.59e-04     1s
  12   2.66854602e+03  2.66784033e+03  3.71e-06 8.88e-16  1.48e-04     1s
  13   2.66848607e+03  2.66808058e+03  2.35e-06 1.33e-15  8.49e-05     1s
  14   2.66844210e+03  2.66818905e+03  1.40e-06 8.88e-16  5.30e-05     1s
  15   2.66841780e+03  2.66824317e+03  8.77e-07 8.88e-16  3.66e-05     1s
  16   2.66841034e+03  2.66828090e+03  7.03e-07 1.10e-15  2.71e-05     1s
  17   2.66840151e+03  2.66831021e+03  5.09e-07 1.09e-15  1.91e-05     1s
  18   2.66839259e+03  2.66833355e+03  3.15e-07 9.07e-16  1.24e-05     1s
  19   2.66838364e+03  2.66835618e+03  1.21e-07 1.33e-15  5.75e-06     1s
  20   2.66837940e+03  2.66837145e+03  3.91e-08 1.33e-15  1.66e-06     1s
  21   2.66837721e+03  2.66837664e+03  2.03e-09 1.78e-15  1.21e-07     1s
  22   2.66837702e+03  2.66837702e+03  3.92e-11 1.33e-15  5.24e-10     1s

Barrier solved model in 22 iterations and 0.83 seconds (0.69 work units)
Optimal objective 2.66837702e+03

Crossover log...

    5713 DPushes remaining with DInf 0.0000000e+00                 1s
       0 DPushes remaining with DInf 0.0000000e+00                 1s

   33761 PPushes remaining with PInf 0.0000000e+00                 1s
       0 PPushes remaining with PInf 0.0000000e+00                 1s

  Push phase complete: Pinf 0.0000000e+00, Dinf 0.0000000e+00      1s

Iteration    Objective       Primal Inf.    Dual Inf.      Time
   39477    2.6683770e+03   0.000000e+00   0.000000e+00      1s

Solved in 39477 iterations and 0.97 seconds (0.75 work units)
Optimal objective  2.668377016e+03
